// Jest Snapshot v1, https://goo.gl/fbAQLP

exports[`NoMatch should render correctly 1`] = `ReactWrapper {}`;
