// Jest Snapshot v1, https://goo.gl/fbAQLP

exports[`MyComponent should call onClick when is clicked in card 1`] = `ReactWrapper {}`;

exports[`MyComponent should render correctly in when album is empty 1`] = `ReactWrapper {}`;

exports[`MyComponent should render correctly in when album is no empty 1`] = `ReactWrapper {}`;

exports[`MyComponent should render correctly in when album is no empty 2`] = `ReactWrapper {}`;
